// Jest Snapshot v1, https://goo.gl/fbAQLP

exports[`Reservation should match the snapshot with all of the data passed through 1`] = `
<article>
  <h2>
    Sam
  </h2>
  <p>
    1/14
  </p>
  <p>
    16:00
  </p>
  <p>
    Number of guests: 
    2
  </p>
  <button
    className="cancel-btn"
  >
    Cancel
  </button>
</article>
`;
