// Jest Snapshot v1, https://goo.gl/fbAQLP

exports[`Reservations should match the snapshot with all of the data passed through 1`] = `
<section>
  <Reservation
    key="1"
    reservation={
      Object {
        "date": "1/14",
        "id": 1,
        "name": "Sam",
        "number": 2,
        "time": "16:00",
      }
    }
  />
</section>
`;
