// Jest Snapshot v1, https://goo.gl/fbAQLP

exports[`ReserveForm should match the snapshot with all of the data passed through 1`] = `
<form>
  <input
    name="name"
    onChange={[Function]}
    placeholder="Name"
    type="text"
    value=""
  />
  <input
    name="date"
    onChange={[Function]}
    placeholder="Date (mm/dd)"
    type="text"
    value=""
  />
  <input
    name="time"
    onChange={[Function]}
    placeholder="Time"
    type="text"
    value=""
  />
  <input
    name="number"
    onChange={[Function]}
    placeholder="Number of guests"
    type="number"
    value=""
  />
  <button
    className="reserve-btn"
    onClick={[Function]}
  >
    Make Reservation
  </button>
</form>
`;
